(---------------------------------------------------------------------)
(                                                                     )
(    PLACEMENT LOG                                                    )
(                                                                     )
(    Drawing          : seniordesignboard.brd                         )
(    Software Version : 22.1P001                                      )
(    Date/Time        : Mon Apr 21 15:28:37 2025                      )
(                                                                     )
(---------------------------------------------------------------------)



 Autoplace L:/SENIOR DESIGN/allegro/seniordesignboard.brd 
 Save as L:/SENIOR DESIGN/allegro/seniordesignboard.brd 

 Will search while getting acceptable improvement
 Will not scale complete graph edges
 Start time Mon Apr 21 15:28:37 2025


 
 	 	 Placement Task Version 1.00 
 
 
 Algorithm  : IC
 Place within: board
 Map grid points to: library origin
 Place leftovers on bottom: YES
 Allow component overlap: NO
 Soft boundary: NO
 Cluster: NO
 No Rat: NO
 Remove TAG: NO
 Components at rotation of 0 degrees are weighted 50

 Components at rotation of 90 degrees are weighted 0

 Components at rotation of 180 degrees are weighted 0

 Components at rotation of 270 degrees are weighted 0

 Board direction of north is weighted 50

 Board direction of east is weighted 50

 Board direction of south is weighted 50

 Board direction of west is weighted 50

 Component mirroring weight is 50

 Component straightness weight is 50

 Warning: unplaced components are not PLACE TAGGED.

 Placement Keepin

  line seg 	(-1250.00,-1250.00) (1250.00,-1250.00)
  line seg 	(1250.00,-1250.00) (1250.00,1250.00)
  line seg 	(1250.00,1250.00) (-1250.00,1250.00)
  line seg 	(-1250.00,1250.00) (-1250.00,-1250.00)

 Error: No Placement Grid was found

 Error: See message(s) above



Elapsed time:  0 hr 0 min 0 sec ( 0.00 hr)
Actual time of completion: Mon Apr 21 15:28:37 2025

