
---------------------------------------------------------------------------
BOARD: L:/ALLEGRO/allegro/senior design v4.brd ROUTER: 22.1
DATE: Thu May  1 14:16:27 2025        HOST: EECS-2023-51
---------------------------------------------------------------------------
Cnt St-ex Router      Att  Inv Miss Com% Drcs Vias   Etch  Cpu exec  Cpu Tot
--------- ------    ----- ---- ---- ---- ---- ---- ------  -------- --------
  Start    ----       103  128    0   0%  128   24    26.0  0:01:25  0:01:25

---------------------------------------------------------------------------
BOARD: L:/ALLEGRO/allegro/senior design v4.brd ROUTER: 22.1
DATE: Thu May  1 14:16:27 2025        HOST: EECS-2023-51
---------------------------------------------------------------------------
Cnt St-ex Router      Att  Inv Miss Com% Drcs Vias   Etch  Cpu exec  Cpu Tot
--------- ------    ----- ---- ---- ---- ---- ---- ------  -------- --------
  Start    ----       103  127    0   0%  127   23    23.0  0:01:25  0:01:25

---------------------------------------------------------------------------
BOARD: L:/ALLEGRO/allegro/senior design v4.brd ROUTER: 22.1
DATE: Thu May  1 14:16:27 2025        HOST: EECS-2023-51
---------------------------------------------------------------------------
Cnt St-ex Router      Att  Inv Miss Com% Drcs Vias   Etch  Cpu exec  Cpu Tot
--------- ------    ----- ---- ---- ---- ---- ---- ------  -------- --------
  Start    ----       103    0    0 100%  115   23    22.0  0:01:26  0:01:26
